[    0.000000] Initializing cgroup subsys cpuset
[    0.000000] Initializing cgroup subsys cpu
[    0.000000] Initializing cgroup subsys cpuacct
[    0.000000] Linux version 4.4.0-170-generic (buildd@lcy01-amd64-019) (gcc version 5.4.0 20160609 (Ubuntu 5.4.0-6ubuntu1~16.04.12) ) #199-Ubuntu SMP Thu Nov 14 01:45:04 UTC 2019 (Ubuntu 4.4.0-170.199-generic 4.4.200)
[    0.000000] Command line: BOOT_IMAGE=/boot/vmlinuz-4.4.0-170-generic root=LABEL=cloudimg-rootfs ro console=tty1 console=ttyS0
[    0.000000] KERNEL supported cpus:
[    0.000000]   Intel GenuineIntel
[    0.000000]   AMD AuthenticAMD
[    0.000000]   Centaur CentaurHauls
[    0.000000] x86/fpu: xstate_offset[2]:  576, xstate_sizes[2]:  256
[    0.000000] x86/fpu: Supporting XSAVE feature 0x01: 'x87 floating point registers'
[    0.000000] x86/fpu: Supporting XSAVE feature 0x02: 'SSE registers'
[    0.000000] x86/fpu: Supporting XSAVE feature 0x04: 'AVX registers'
[    0.000000] x86/fpu: Enabled xstate features 0x7, context size is 832 bytes, using 'standard' format.
[    0.000000] e820: BIOS-provided physical RAM map:
[    0.000000] BIOS-e820: [mem 0x0000000000000000-0x000000000009fbff] usable
[    0.000000] BIOS-e820: [mem 0x000000000009fc00-0x000000000009ffff] reserved
[    0.000000] BIOS-e820: [mem 0x00000000000f0000-0x00000000000fffff] reserved
[    0.000000] BIOS-e820: [mem 0x0000000000100000-0x000000003ffeffff] usable
[    0.000000] BIOS-e820: [mem 0x000000003fff0000-0x000000003fffffff] ACPI data
[    0.000000] BIOS-e820: [mem 0x00000000fec00000-0x00000000fec00fff] reserved
[    0.000000] BIOS-e820: [mem 0x00000000fee00000-0x00000000fee00fff] reserved
[    0.000000] BIOS-e820: [mem 0x00000000fffc0000-0x00000000ffffffff] reserved
[    0.000000] NX (Execute Disable) protection: active
[    0.000000] SMBIOS 2.5 present.
[    0.000000] Hypervisor detected: KVM
[    0.000000] e820: last_pfn = 0x3fff0 max_arch_pfn = 0x400000000
[    0.000000] MTRR: Disabled
[    0.000000] x86/PAT: MTRRs disabled, skipping PAT initialization too.
[    0.000000] CPU MTRRs all blank - virtualized system.
[    0.000000] x86/PAT: Configuration [0-7]: WB  WT  UC- UC  WB  WT  UC- UC  
[    0.000000] found SMP MP-table at [mem 0x0009fff0-0x0009ffff] mapped at [ffff88000009fff0]
[    0.000000] Scanning 1 areas for low memory corruption
[    0.000000] RAMDISK: [mem 0x362fa000-0x37174fff]
[    0.000000] ACPI: Early table checksum verification disabled
[    0.000000] ACPI: RSDP 0x00000000000E0000 000024 (v02 VBOX  )
[    0.000000] ACPI: XSDT 0x000000003FFF0030 00003C (v01 VBOX   VBOXXSDT 00000001 ASL  00000061)
[    0.000000] ACPI: FACP 0x000000003FFF00F0 0000F4 (v04 VBOX   VBOXFACP 00000001 ASL  00000061)
[    0.000000] ACPI: DSDT 0x000000003FFF0470 0022EA (v02 VBOX   VBOXBIOS 00000002 INTL 20100528)
[    0.000000] ACPI: FACS 0x000000003FFF0200 000040
[    0.000000] ACPI: FACS 0x000000003FFF0200 000040
[    0.000000] ACPI: APIC 0x000000003FFF0240 00005C (v02 VBOX   VBOXAPIC 00000001 ASL  00000061)
[    0.000000] ACPI: SSDT 0x000000003FFF02A0 0001CC (v01 VBOX   VBOXCPUT 00000002 INTL 20100528)
[    0.000000] No NUMA configuration found
[    0.000000] Faking a node at [mem 0x0000000000000000-0x000000003ffeffff]
[    0.000000] NODE_DATA(0) allocated [mem 0x3ffeb000-0x3ffeffff]
[    0.000000] kvm-clock: Using msrs 4b564d01 and 4b564d00
[    0.000000] kvm-clock: cpu 0, msr 0:3ffe3001, primary cpu clock
[    0.000000] kvm-clock: using sched offset of 3671568153 cycles
[    0.000000] clocksource: kvm-clock: mask: 0xffffffffffffffff max_cycles: 0x1cd42e4dffb, max_idle_ns: 881590591483 ns
[    0.000000] Zone ranges:
[    0.000000]   DMA      [mem 0x0000000000001000-0x0000000000ffffff]
[    0.000000]   DMA32    [mem 0x0000000001000000-0x000000003ffeffff]
[    0.000000]   Normal   empty
[    0.000000]   Device   empty
[    0.000000] Movable zone start for each node
[    0.000000] Early memory node ranges
[    0.000000]   node   0: [mem 0x0000000000001000-0x000000000009efff]
[    0.000000]   node   0: [mem 0x0000000000100000-0x000000003ffeffff]
[    0.000000] Initmem setup node 0 [mem 0x0000000000001000-0x000000003ffeffff]
[    0.000000] ACPI: PM-Timer IO Port: 0x4008
[    0.000000] IOAPIC[0]: apic_id 2, version 32, address 0xfec00000, GSI 0-23
[    0.000000] ACPI: INT_SRC_OVR (bus 0 bus_irq 0 global_irq 2 dfl dfl)
[    0.000000] ACPI: INT_SRC_OVR (bus 0 bus_irq 9 global_irq 9 low level)
[    0.000000] Using ACPI (MADT) for SMP configuration information
[    0.000000] smpboot: Allowing 2 CPUs, 0 hotplug CPUs
[    0.000000] PM: Registered nosave memory: [mem 0x00000000-0x00000fff]
[    0.000000] PM: Registered nosave memory: [mem 0x0009f000-0x0009ffff]
[    0.000000] PM: Registered nosave memory: [mem 0x000a0000-0x000effff]
[    0.000000] PM: Registered nosave memory: [mem 0x000f0000-0x000fffff]
[    0.000000] e820: [mem 0x40000000-0xfebfffff] available for PCI devices
[    0.000000] Booting paravirtualized kernel on KVM
[    0.000000] clocksource: refined-jiffies: mask: 0xffffffff max_cycles: 0xffffffff, max_idle_ns: 7645519600211568 ns
[    0.000000] setup_percpu: NR_CPUS:512 nr_cpumask_bits:512 nr_cpu_ids:2 nr_node_ids:1
[    0.000000] PERCPU: Embedded 33 pages/cpu @ffff88003fc00000 s95448 r8192 d31528 u1048576
[    0.000000] Built 1 zonelists in Node order, mobility grouping on.  Total pages: 257912
[    0.000000] Policy zone: DMA32
[    0.000000] Kernel command line: BOOT_IMAGE=/boot/vmlinuz-4.4.0-170-generic root=LABEL=cloudimg-rootfs ro console=tty1 console=ttyS0
[    0.000000] PID hash table entries: 4096 (order: 3, 32768 bytes)
[    0.000000] Memory: 997728K/1048120K available (8626K kernel code, 1336K rwdata, 4036K rodata, 1488K init, 1288K bss, 50392K reserved, 0K cma-reserved)
[    0.000000] SLUB: HWalign=64, Order=0-3, MinObjects=0, CPUs=2, Nodes=1
[    0.000000] Kernel/User page tables isolation: enabled
[    0.000000] Hierarchical RCU implementation.
[    0.000000] 	Build-time adjustment of leaf fanout to 64.
[    0.000000] 	RCU restricting CPUs from NR_CPUS=512 to nr_cpu_ids=2.
[    0.000000] RCU: Adjusting geometry for rcu_fanout_leaf=64, nr_cpu_ids=2
[    0.000000] NR_IRQS:33024 nr_irqs:440 16
[    0.000000] Console: colour VGA+ 80x25
[    0.000000] console [tty1] enabled
[    0.000000] console [ttyS0] enabled
[    0.000000] tsc: Detected 2712.002 MHz processor
[    0.260391] Calibrating delay loop (skipped) preset value.. 5424.00 BogoMIPS (lpj=10848008)
[    0.265054] pid_max: default: 32768 minimum: 301
[    0.269983] ACPI: Core revision 20150930
[    0.273616] ACPI: 2 ACPI AML tables successfully acquired and loaded
[    0.276940] Security Framework initialized
[    0.279451] Yama: becoming mindful.
[    0.281342] AppArmor: AppArmor initialized
[    0.285901] Dentry cache hash table entries: 131072 (order: 8, 1048576 bytes)
[    0.297965] Inode-cache hash table entries: 65536 (order: 7, 524288 bytes)
[    0.304662] Mount-cache hash table entries: 2048 (order: 2, 16384 bytes)
[    0.309120] Mountpoint-cache hash table entries: 2048 (order: 2, 16384 bytes)
[    0.314877] Initializing cgroup subsys io
[    0.318373] Initializing cgroup subsys memory
[    0.321725] Initializing cgroup subsys devices
[    0.325600] Initializing cgroup subsys freezer
[    0.328798] Initializing cgroup subsys net_cls
[    0.333698] Initializing cgroup subsys perf_event
[    0.337194] Initializing cgroup subsys net_prio
[    0.341438] Initializing cgroup subsys hugetlb
[    0.345146] Initializing cgroup subsys pids
[    0.350660] mce: CPU supports 0 MCE banks
[    0.352820] Last level iTLB entries: 4KB 64, 2MB 8, 4MB 8
[    0.355866] Last level dTLB entries: 4KB 64, 2MB 0, 4MB 0, 1GB 4
[    0.359077] Spectre V1 : Mitigation: usercopy/swapgs barriers and __user pointer sanitization
[    0.365505] Spectre V2 : Mitigation: Full generic retpoline
[    0.370793] Spectre V2 : Spectre v2 / SpectreRSB mitigation: Filling RSB on context switch
[    0.375396] Speculative Store Bypass: Vulnerable
[    0.377770] MDS: Vulnerable: Clear CPU buffers attempted, no microcode
[    0.388585] Freeing SMP alternatives memory: 36K
[    0.402795] ftrace: allocating 32302 entries in 127 pages
[    0.489105] smpboot: APIC(0) Converting physical 0 to logical package 0
[    0.490923] smpboot: Max logical packages: 1
[    0.492408] x2apic enabled
[    0.493528] Switched APIC routing to physical x2apic.
[    0.496705] ..TIMER: vector=0x30 apic1=0 pin1=2 apic2=-1 pin2=-1
[    0.606577] smpboot: CPU0: Intel(R) Core(TM) i5-7200U CPU @ 2.50GHz (family: 0x6, model: 0x8e, stepping: 0x9)
[    0.609363] Performance Events: unsupported p6 CPU model 142 no PMU driver, software events only.
[    0.622920] KVM setup paravirtual spinlock
[    0.624797] x86: Booting SMP configuration:
[    0.625872] .... node  #0, CPUs:      #1
[    0.627087] kvm-clock: cpu 1, msr 0:3ffe3041, secondary cpu clock
[    0.630701] mce: CPU supports 0 MCE banks
[    0.635065] x86: Booted up 1 node, 2 CPUs
[    0.636397] smpboot: Total of 2 processors activated (10848.00 BogoMIPS)
[    0.638599] devtmpfs: initialized
[    0.642188] evm: security.selinux
[    0.643299] evm: security.SMACK64
[    0.644362] evm: security.SMACK64EXEC
[    0.645472] evm: security.SMACK64TRANSMUTE
[    0.646754] evm: security.SMACK64MMAP
[    0.647910] evm: security.ima
[    0.648888] evm: security.capability
[    0.650284] clocksource: jiffies: mask: 0xffffffff max_cycles: 0xffffffff, max_idle_ns: 7645041785100000 ns
[    0.652934] futex hash table entries: 512 (order: 3, 32768 bytes)
[    0.654849] pinctrl core: initialized pinctrl subsystem
[    0.656425] RTC time: 16:01:22, date: 12/19/19
[    0.657823] NET: Registered protocol family 16
[    0.671911] cpuidle: using governor ladder
[    0.683622] cpuidle: using governor menu
[    0.684864] PCCT header not found.
[    0.685960] ACPI: bus type PCI registered
[    0.687220] acpiphp: ACPI Hot Plug PCI Controller Driver version: 0.5
[    0.694965] PCI: Using configuration type 1 for base access
[    0.708804] ACPI: Added _OSI(Module Device)
[    0.710035] ACPI: Added _OSI(Processor Device)
[    0.711353] ACPI: Added _OSI(3.0 _SCP Extensions)
[    0.712590] ACPI: Added _OSI(Processor Aggregator Device)
[    0.715079] ACPI: Executed 1 blocks of module-level executable AML code
[    0.720138] ACPI: Interpreter enabled
[    0.721273] ACPI: (supports S0 S5)
[    0.722357] ACPI: Using IOAPIC for interrupt routing
[    0.724023] PCI: Using host bridge windows from ACPI; if necessary, use "pci=nocrs" and report a bug
[    0.732120] ACPI: PCI Root Bridge [PCI0] (domain 0000 [bus 00-ff])
[    0.733742] acpi PNP0A03:00: _OSC: OS supports [ASPM ClockPM Segments MSI]
[    0.735753] acpi PNP0A03:00: _OSC: not requesting OS control; OS requires [ExtendedConfig ASPM ClockPM MSI]
[    0.738633] acpi PNP0A03:00: fail to add MMCONFIG information, can't access extended PCI configuration space under this bridge.
[    0.741938] PCI host bridge to bus 0000:00
[    0.743171] pci_bus 0000:00: root bus resource [io  0x0000-0x0cf7 window]
[    0.744882] pci_bus 0000:00: root bus resource [io  0x0d00-0xffff window]
[    0.746700] pci_bus 0000:00: root bus resource [mem 0x000a0000-0x000bffff window]
[    0.748779] pci_bus 0000:00: root bus resource [mem 0x40000000-0xfdffffff window]
[    0.751040] pci_bus 0000:00: root bus resource [bus 00-ff]
[    0.755322] pci 0000:00:01.1: legacy IDE quirk: reg 0x10: [io  0x01f0-0x01f7]
[    0.756997] pci 0000:00:01.1: legacy IDE quirk: reg 0x14: [io  0x03f6]
[    0.758799] pci 0000:00:01.1: legacy IDE quirk: reg 0x18: [io  0x0170-0x0177]
[    0.760722] pci 0000:00:01.1: legacy IDE quirk: reg 0x1c: [io  0x0376]
[    0.798943] pci 0000:00:07.0: quirk: [io  0x4000-0x403f] claimed by PIIX4 ACPI
[    0.801119] pci 0000:00:07.0: quirk: [io  0x4100-0x410f] claimed by PIIX4 SMB
[    0.817118] ACPI: PCI Interrupt Link [LNKA] (IRQs 5 9 10 *11)
[    0.819627] ACPI: PCI Interrupt Link [LNKB] (IRQs 5 9 *10 11)
[    0.821835] ACPI: PCI Interrupt Link [LNKC] (IRQs 5 *9 10 11)
[    0.824071] ACPI: PCI Interrupt Link [LNKD] (IRQs 5 9 10 *11)
[    0.826365] ACPI: Enabled 2 GPEs in block 00 to 07
[    0.828056] vgaarb: setting as boot device: PCI:0000:00:02.0
[    0.829453] vgaarb: device added: PCI:0000:00:02.0,decodes=io+mem,owns=io+mem,locks=none
[    0.831914] vgaarb: loaded
[    0.832774] vgaarb: bridge control possible 0000:00:02.0
[    0.834497] SCSI subsystem initialized
[    0.835859] ACPI: bus type USB registered
[    0.837091] usbcore: registered new interface driver usbfs
[    0.838609] usbcore: registered new interface driver hub
[    0.840082] usbcore: registered new device driver usb
[    0.842024] PCI: Using ACPI for IRQ routing
[    0.843601] NetLabel: Initializing
[    0.844727] NetLabel:  domain hash size = 128
[    0.845857] NetLabel:  protocols = UNLABELED CIPSOv4
[    0.851153] NetLabel:  unlabeled traffic allowed by default
[    0.853573] amd_nb: Cannot enumerate AMD northbridges
[    0.855082] clocksource: Switched to clocksource kvm-clock
[    0.871672] AppArmor: AppArmor Filesystem Enabled
[    0.873134] pnp: PnP ACPI init
[    0.875500] pnp: PnP ACPI: found 3 devices
[    0.887604] clocksource: acpi_pm: mask: 0xffffff max_cycles: 0xffffff, max_idle_ns: 2085701024 ns
[    0.889907] NET: Registered protocol family 2
[    0.891273] TCP established hash table entries: 8192 (order: 4, 65536 bytes)
[    0.893155] TCP bind hash table entries: 8192 (order: 5, 131072 bytes)
[    0.894916] TCP: Hash tables configured (established 8192 bind 8192)
[    0.896483] UDP hash table entries: 512 (order: 2, 16384 bytes)
[    0.897935] UDP-Lite hash table entries: 512 (order: 2, 16384 bytes)
[    0.899547] NET: Registered protocol family 1
[    0.900852] pci 0000:00:00.0: Limiting direct PCI/PCI transfers
[    0.902359] pci 0000:00:01.0: Activating ISA DMA hang workarounds
[    0.904024] Unpacking initramfs...
[    1.267820] Freeing initrd memory: 14828K
[    1.269326] clocksource: tsc: mask: 0xffffffffffffffff max_cycles: 0x2717880cafa, max_idle_ns: 440795252614 ns
[    1.272151] platform rtc_cmos: registered platform RTC device (no PNP device found)
[    1.274162] Scanning for low memory corruption every 60 seconds
[    1.276333] audit: initializing netlink subsys (disabled)
[    1.277650] audit: type=2000 audit(1576771287.464:1): initialized
[    1.279404] Initialise system trusted keyring
[    1.280931] HugeTLB registered 2 MB page size, pre-allocated 0 pages
[    1.284583] zbud: loaded
[    1.285895] VFS: Disk quotas dquot_6.6.0
[    1.287033] VFS: Dquot-cache hash table entries: 512 (order 0, 4096 bytes)
[    1.288935] squashfs: version 4.0 (2009/01/31) Phillip Lougher
[    1.290650] fuse init (API version 7.23)
[    1.292041] Key type big_key registered
[    1.293240] Allocating IMA MOK and blacklist keyrings.
[    1.296126] Key type asymmetric registered
[    1.297396] Asymmetric key parser 'x509' registered
[    1.298834] Block layer SCSI generic (bsg) driver version 0.4 loaded (major 249)
[    1.301213] io scheduler noop registered
[    1.302391] io scheduler deadline registered (default)
[    1.303894] io scheduler cfq registered
[    1.305221] pci_hotplug: PCI Hot Plug PCI Core version: 0.5
[    1.306726] pciehp: PCI Express Hot Plug Controller Driver version: 0.4
[    1.308530] ACPI: AC Adapter [AC] (on-line)
[    1.309842] input: Power Button as /devices/LNXSYSTM:00/LNXPWRBN:00/input/input0
[    1.312055] ACPI: Power Button [PWRF]
[    1.313308] input: Sleep Button as /devices/LNXSYSTM:00/LNXSLPBN:00/input/input1
[    1.315487] ACPI: Sleep Button [SLPF]
[    1.316748] GHES: HEST is not enabled!
[    1.317778] ACPI: Battery Slot [BAT0] (battery present)
[    1.319689] Serial: 8250/16550 driver, 32 ports, IRQ sharing enabled
[    1.341925] 00:02: ttyS0 at I/O 0x3f8 (irq = 4, base_baud = 115200) is a 16550A
[    1.347820] Linux agpgart interface v0.103
[    1.351493] loop: module loaded
[    1.353145] scsi host0: ata_piix
[    1.354294] scsi host1: ata_piix
[    1.355416] ata1: PATA max UDMA/33 cmd 0x1f0 ctl 0x3f6 bmdma 0xd000 irq 14
[    1.357202] ata2: PATA max UDMA/33 cmd 0x170 ctl 0x376 bmdma 0xd008 irq 15
[    1.359156] libphy: Fixed MDIO Bus: probed
[    1.360628] tun: Universal TUN/TAP device driver, 1.6
[    1.362122] tun: (C) 1999-2004 Max Krasnyansky <maxk@qualcomm.com>
[    1.363798] PPP generic driver version 2.4.2
[    1.364997] ehci_hcd: USB 2.0 'Enhanced' Host Controller (EHCI) Driver
[    1.366731] ehci-pci: EHCI PCI platform driver
[    1.368035] ehci-platform: EHCI generic platform driver
[    1.369323] ohci_hcd: USB 1.1 'Open' Host Controller (OHCI) Driver
[    1.370999] ohci-pci: OHCI PCI platform driver
[    1.372189] ohci-platform: OHCI generic platform driver
[    1.373644] uhci_hcd: USB Universal Host Controller Interface driver
[    1.375417] i8042: PNP: PS/2 Controller [PNP0303:PS2K,PNP0f03:PS2M] at 0x60,0x64 irq 1,12
[    1.378443] serio: i8042 KBD port at 0x60,0x64 irq 1
[    1.379736] serio: i8042 AUX port at 0x60,0x64 irq 12
[    1.381440] mousedev: PS/2 mouse device common for all mice
[    1.383484] input: AT Translated Set 2 keyboard as /devices/platform/i8042/serio0/input/input2
[    1.386497] rtc_cmos rtc_cmos: rtc core: registered rtc_cmos as rtc0
[    1.390611] rtc_cmos rtc_cmos: alarms up to one day, 114 bytes nvram
[    1.392544] i2c /dev entries driver
[    1.393718] device-mapper: uevent: version 1.0.3
[    1.395050] device-mapper: ioctl: 4.34.0-ioctl (2015-10-28) initialised: dm-devel@redhat.com
[    1.397446] ledtrig-cpu: registered to indicate activity on CPUs
[    1.399495] NET: Registered protocol family 10
[    1.401091] NET: Registered protocol family 17
[    1.402556] Key type dns_resolver registered
[    1.404268] registered taskstats version 1
[    1.405470] Loading compiled-in X.509 certificates
[    1.407617] Loaded X.509 cert 'Build time autogenerated kernel key: f0e56e97f406068ace47a9bf54316e9855aaaa43'
[    1.410291] zswap: loaded using pool lzo/zbud
[    1.413518] Key type trusted registered
[    1.419297] Key type encrypted registered
[    1.420523] AppArmor: AppArmor sha1 policy hashing enabled
[    1.422039] ima: No TPM chip found, activating TPM-bypass!
[    1.423591] ima: Allocated hash algorithm: sha1
[    1.424723] evm: HMAC attrs: 0x1
[    1.426090]   Magic number: 15:124:35
[    1.427258] bdi 7:0: hash matches
[    1.428487] rtc_cmos rtc_cmos: setting system clock to 2019-12-19 16:01:23 UTC (1576771283)
[    1.431131] BIOS EDD facility v0.16 2004-Jun-25, 0 devices found
[    1.432731] EDD information not available.
[    1.516720] Freeing unused kernel memory: 1488K
[    1.518015] Write protecting the kernel read-only data: 14336k
[    1.520190] Freeing unused kernel memory: 1604K
[    1.521838] Freeing unused kernel memory: 60K
Loading, please wait...
starting version 229
[    1.540610] random: systemd-udevd: uninitialized urandom read (16 bytes read, 3 bits of entropy available)
[    1.541050] random: udevadm: uninitialized urandom read (16 bytes read, 3 bits of entropy available)
[    1.541071] random: udevadm: uninitialized urandom read (16 bytes read, 3 bits of entropy available)
[    1.550484] random: systemd-udevd: uninitialized urandom read (16 bytes read, 3 bits of entropy available)
[    1.552843] random: udevadm: uninitialized urandom read (16 bytes read, 3 bits of entropy available)
[    1.552907] random: udevadm: uninitialized urandom read (16 bytes read, 3 bits of entropy available)
[    1.553113] random: udevadm: uninitialized urandom read (16 bytes read, 3 bits of entropy available)
[    1.553176] random: udevadm: uninitialized urandom read (16 bytes read, 3 bits of entropy available)
[    1.553276] random: udevadm: uninitialized urandom read (16 bytes read, 3 bits of entropy available)
[    1.553347] random: udevadm: uninitialized urandom read (16 bytes read, 3 bits of entropy available)
[    1.632339] e1000: Intel(R) PRO/1000 Network Driver - version 7.3.21-k8-NAPI
[    1.635997] e1000: Copyright (c) 1999-2006 Intel Corporation.
[    1.641832] Fusion MPT base driver 3.04.20
[    1.643866] Copyright (c) 1999-2008 LSI Corporation
[    1.650701] Fusion MPT SPI Host driver 3.04.20
[    1.664236] AVX2 version of gcm_enc/dec engaged.
[    1.666609] AES CTR mode by8 optimization enabled
[    1.844847] input: ImExPS/2 Generic Explorer Mouse as /devices/platform/i8042/serio1/input/input4
[    2.079083] e1000 0000:00:03.0 eth0: (PCI:33MHz:32-bit) 02:dd:45:a7:5d:a0
[    2.082947] e1000 0000:00:03.0 eth0: Intel(R) PRO/1000 Network Connection
[    2.088534] mptbase: ioc0: Initiating bringup
[    2.155700] ioc0: LSI53C1030 A0: Capabilities={Initiator}
[    2.317282] scsi host2: ioc0: LSI53C1030 A0, FwRev=00000000h, Ports=1, MaxQ=256, IRQ=20
[    2.431942] scsi 2:0:0:0: Direct-Access     VBOX     HARDDISK         1.0  PQ: 0 ANSI: 5
[    2.434477] scsi target2:0:0: Beginning Domain Validation
[    2.437171] scsi target2:0:0: Domain Validation skipping write tests
[    2.438806] scsi target2:0:0: Ending Domain Validation
[    2.440242] scsi target2:0:0: asynchronous
[    2.441835] scsi 2:0:1:0: Direct-Access     VBOX     HARDDISK         1.0  PQ: 0 ANSI: 5
[    2.443966] scsi target2:0:1: Beginning Domain Validation
[    2.446469] scsi target2:0:1: Domain Validation skipping write tests
[    2.448251] scsi target2:0:1: Ending Domain Validation
[    2.449779] scsi target2:0:1: asynchronous
[    2.488321] sd 2:0:0:0: Attached scsi generic sg0 type 0
[    2.490568] sd 2:0:1:0: Attached scsi generic sg1 type 0
[    2.492268] sd 2:0:0:0: [sda] 20971520 512-byte logical blocks: (10.7 GB/10.0 GiB)
[    2.494344] sd 2:0:1:0: [sdb] 20480 512-byte logical blocks: (10.5 MB/10.0 MiB)
[    2.496760] sd 2:0:1:0: [sdb] Write Protect is off
[    2.498065] sd 2:0:0:0: [sda] Write Protect is off
[    2.499661] sd 2:0:1:0: [sdb] Incomplete mode parameter data
[    2.501187] sd 2:0:1:0: [sdb] Assuming drive cache: write through
[    2.502718] sd 2:0:0:0: [sda] Incomplete mode parameter data
[    2.504359] sd 2:0:0:0: [sda] Assuming drive cache: write through
[    2.511710]  sda: sda1
[    2.513828] sd 2:0:1:0: [sdb] Attached SCSI disk
[    2.515254] sd 2:0:0:0: [sda] Attached SCSI disk
[    2.890699] e1000 0000:00:08.0 eth1: (PCI:33MHz:32-bit) 08:00:27:e7:9c:db
[    2.892798] e1000 0000:00:08.0 eth1: Intel(R) PRO/1000 Network Connection
[    2.895692] e1000 0000:00:03.0 enp0s3: renamed from eth0
[    2.912343] e1000 0000:00:08.0 enp0s8: renamed from eth1
Begin: Loading essential drivers ... [    4.375416] md: linear personality registered for level -1
[    4.379580] md: multipath personality registered for level -4
[    4.383721] md: raid0 personality registered for level 0
[    4.389583] md: raid1 personality registered for level 1
[    4.463674] raid6: sse2x1   gen()  7146 MB/s
[    4.531096] raid6: sse2x1   xor()  5394 MB/s
[    4.599364] raid6: sse2x2   gen()  7862 MB/s
[    4.667709] raid6: sse2x2   xor()  6561 MB/s
[    4.735102] raid6: sse2x4   gen() 11043 MB/s
[    4.803319] raid6: sse2x4   xor()  7147 MB/s
[    4.871662] raid6: avx2x1   gen() 14724 MB/s
[    4.939958] raid6: avx2x2   gen() 16003 MB/s
[    5.007326] raid6: avx2x4   gen() 19539 MB/s
[    5.009540] raid6: using algorithm avx2x4 gen() 19539 MB/s
[    5.012432] raid6: using avx2x2 recovery algorithm
[    5.016748] xor: automatically using best checksumming function:
[    5.055234]    avx       : 15916.000 MB/sec
[    5.060706] async_tx: api initialized (async)
[    5.083967] md: raid6 personality registered for level 6
[    5.085896] md: raid5 personality registered for level 5
[    5.088465] md: raid4 personality registered for level 4
[    5.101468] md: raid10 personality registered for level 10
done.
Begin: Running /scripts/init-premount ... done.
Begin: Mounting root file system ... Begin: Running /scripts/local-top ... done.
Begin: Running /scripts/local-premount ... [    5.150455] Btrfs loaded
Scanning for Btrfs filesystems
done.
Warning: fsck not present, so skipping root file system
[    5.208245] EXT4-fs (sda1): mounted filesystem with ordered data mode. Opts: (null)
done.
Begin: Running /scripts/local-bottom ... done.
Begin: Running /scripts/init-bottom ... done.
[    5.339448] systemd[1]: systemd 229 running in system mode. (+PAM +AUDIT +SELINUX +IMA +APPARMOR +SMACK +SYSVINIT +UTMP +LIBCRYPTSETUP +GCRYPT +GNUTLS +ACL +XZ -LZ4 +SECCOMP +BLKID +ELFUTILS +KMOD -IDN)
[    5.344155] systemd[1]: Detected virtualization oracle.
[    5.346130] systemd[1]: Detected architecture x86-64.

Welcome to [1mUbuntu 16.04.6 LTS[0m!

[    5.353535] systemd[1]: Set hostname to <ubuntu>.
[    5.357566] systemd[1]: Initializing machine ID from random generator.
[    5.359743] systemd[1]: Installed transient /etc/machine-id file.
[    5.528096] systemd[1]: Listening on LVM2 poll daemon socket.
[[0;32m  OK  [0m] Listening on LVM2 poll daemon socket.
[    5.530814] systemd[1]: Reached target Swap.
[[0;32m  OK  [0m] Reached target Swap.
[    5.532992] systemd[1]: Listening on Journal Socket (/dev/log).
[[0;32m  OK  [0m] Listening on Journal Socket (/dev/log).
[    5.535898] systemd[1]: Listening on Syslog Socket.
[[0;32m  OK  [0m] Listening on Syslog Socket.
[    5.543597] systemd[1]: Created slice System Slice.
[[0;32m  OK  [0m] Created slice System Slice.
[    5.546207] systemd[1]: Listening on udev Kernel Socket.
[[0;32m  OK  [0m] Listening on udev Kernel Socket.
[    5.548828] systemd[1]: Started Trigger resolvconf update for networkd DNS.
[[0;32m  OK  [0m] Started Trigger resolvconf update for networkd DNS.
[    5.551919] systemd[1]: Listening on Journal Socket.
[[0;32m  OK  [0m] Listening on Journal Socket.
[    5.554419] systemd[1]: Reached target User and Group Name Lookups.
[[0;32m  OK  [0m] Reached target User and Group Name Lookups.
[    5.557894] systemd[1]: Created slice system-serial\x2dgetty.slice.
[[0;32m  OK  [0m] Created slice system-serial\x2dgetty.slice.
[    5.571580] systemd[1]: Starting Uncomplicated firewall...
         Starting Uncomplicated firewall...
[    5.574532] systemd[1]: Listening on Device-mapper event daemon FIFOs.
[[0;32m  OK  [0m] Listening on Device-mapper event daemon FIFOs.
[    5.578059] systemd[1]: Mounting Debug File System...
         Mounting Debug File System...
[    5.581269] systemd[1]: Mounting POSIX Message Queue File System...
         Mounting POSIX Message Queue File System...
[    5.584274] systemd[1]: Started Forward Password Requests to Wall Directory Watch.
[[0;32m  OK  [0m] Started Forward Password Requests to Wall Directory Watch.
[    5.588059] systemd[1]: Created slice User and Session Slice.
[[0;32m  OK  [0m] Created slice User and Session Slice.
[    5.592956] systemd[1]: Reached target Slices.
[[0;32m  OK  [0m] Reached target Slices.
[    5.595296] systemd[1]: Reached target System Time Synchronized.
[[0;32m  OK  [0m] Reached target System Time Synchronized.
[    5.615500] systemd[1]: Starting Nameserver information manager...
         Starting Nameserver information manager...
[    5.619594] systemd[1]: Starting Create list of required static device nodes for the current kernel...
         Starting Create list of required st... nodes for the current kernel...
[    5.628113] systemd[1]: Starting Remount Root and Kernel File Systems...
         Starting Remount Root and Kernel File Systems...
[    5.631393] systemd[1]: Listening on LVM2 metadata daemon socket.
[    5.633020] EXT4-fs (sda1): re-mounted. Opts: (null)
[[0;32m  OK  [0m] Listening on LVM2 metadata daemon socket.
[    5.644764] systemd[1]: Mounting Huge Pages File System...
         Mounting Huge Pages File System...
[    5.647566] systemd[1]: Listening on Journal Audit Socket.
[[0;32m  OK  [0m] Listening on Journal Audit Socket.
[    5.676035] systemd[1]: Starting Journal Service...
         Starting Journal Service...
[    5.678532] systemd[1]: Set up automount Arbitrary Executable File Formats File System Automount Point.
[[0;32m  OK  [0m] Set up automount Arbitrary Executab...ats File System Automount Point.
[    5.684685] systemd[1]: Starting Monitoring of LVM2 mirrors, snapshots etc. using dmeventd or progress polling...
         Starting Monitoring of LVM2 mirrors... dmeventd or progress polling...
[    5.698486] systemd[1]: Starting Load Kernel Modules...
         Starting Load Kernel Modules...
[    5.701498] systemd[1]: Starting Set console keymap...
         Starting Set console keymap...
[    5.703827] systemd[1]: Listening on udev Control Socket.
[[0;32m  OK  [0m] Listening on udev Control Socket.
[    5.712736] systemd[1]: Listening on /dev/initctl Compatibility Named Pipe.
[[0;32m  OK  [0m] Listening on /dev/initctl Compatibility Named Pipe.
[    5.721645] systemd[1]: Reached target Encrypted Volumes.
[[0;32m  OK  [0m] Reached target Encrypted Volumes.
[    5.732320] Loading iSCSI transport class v2.0-870.
[    5.741003] iscsi: registered transport (tcp)
[    5.744231] systemd[1]: Mounted POSIX Message Queue File System.
[[0;32m  OK  [0m] Mounted POSIX Message Queue File System.
[    5.746573] systemd[1]: Mounted Debug File System.
[[0;32m  OK  [0m] Mounted Debug File System.
[    5.748814] systemd[1]: Mounted Huge Pages File System.
[[0;32m  OK  [0m] Mounted Huge Pages File System.
[    5.751740] systemd[1]: Started Journal Service.
[[0;32m  OK  [0m] Started Journal Service.
[[0;32m  OK  [0m] Started Uncomplicated firewall.
[[0;32m  OK  [0m] Started Create list of required sta...ce nodes for the current kernel.
[[0;32m  OK  [0m] Started Remount Root and Kernel File Systems.
[[0;32m  OK  [0m] Started Nameserver information manager.
[[0;32m  OK  [0m] Started Set console keymap.
[    5.796868] iscsi: registered transport (iser)
[[0;32m  OK  [0m] Started LVM2 metadata daemon.
         Starting udev Coldplug all Devices...
         Starting Load/Save Random Seed...
         Starting Create Static Device Nodes in /dev...
         Starting Flush Journal to Persistent Storage...
[[0;32m  OK  [0m] Started Load Kernel Modules.
[[0;32m  OK  [0m] Started Load/Save Random Seed.
         Mounting FUSE Control File System...
         Starting Apply Kernel Variables...
[[0;32m  OK  [0m] Started Create Static Device Nodes in /dev.
         Starting udev Kernel Device Manager...
[    5.856828] systemd-journald[396]: Received request to flush runtime journal from PID 1
[[0;32m  OK  [0m] Mounted FUSE Control File System.
[[0;32m  OK  [0m] Started Apply Kernel Variables.
[[0;32m  OK  [0m] Started Flush Journal to Persistent Storage.
[[0;32m  OK  [0m] Started udev Coldplug all Devices.
[[0;32m  OK  [0m] Started udev Kernel Device Manager.
[[0;32m  OK  [0m] Started Dispatch Password Requests to Console Directory Watch.
[[0;32m  OK  [0m] Found device /dev/ttyS0.
[[0;32m  OK  [0m] Started Monitoring of LVM2 mirrors,...ng dmeventd or progress polling.
[[0;32m  OK  [0m] Reached target Local File Systems (Pre).
[[0;32m  OK  [0m] Reached target Local File Systems.
         Starting Initial cloud-init job (pre-networking)...
         Starting Create Volatile Files and Directories...
         Starting Commit a transient machine-id on disk...
         Starting Set console font and keymap...
         Starting Tell Plymouth To Write Out Runtime Data...
         Starting LSB: AppArmor initialization...
[[0;32m  OK  [0m] Started Create Volatile Files and Directories.
[[0;32m  OK  [0m] Listening on Load/Save RF Kill Switch Status /dev/rfkill Watch.
         Starting Update UTMP about System Boot/Shutdown...
[[0;32m  OK  [0m] Started Tell Plymouth To Write Out Runtime Data.
[[0;32m  OK  [0m] Started Update UTMP about System Boot/Shutdown.
[[0;32m  OK  [0m] Started Commit a transient machine-id on disk.
[[0;32m  OK  [0m] Started LSB: AppArmor initialization.
[[0;32m  OK  [0m] Started Initial cloud-init job (pre-networking).
[[0;32m  OK  [0m] Reached target Network (Pre).
[    7.844941] cloud-init[510]: Cloud-init v. 19.2-36-g059d049c-0ubuntu2~16.04.1 running 'init-local' at Thu, 19 Dec 2019 16:01:29 +0000. Up 7.18 seconds.
         Starting Raise network interfaces...
[[0;32m  OK  [0m] Started Set console font and keymap.
[[0;32m  OK  [0m] Created slice system-getty.slice.
[[0;32m  OK  [0m] Started Raise network interfaces.
[[0;32m  OK  [0m] Reached target Network.
         Starting Initial cloud-init job (metadata service crawler)...
[    9.590892] cloud-init[975]: Cloud-init v. 19.2-36-g059d049c-0ubuntu2~16.04.1 running 'init' at Thu, 19 Dec 2019 16:01:31 +0000. Up 8.74 seconds.
[    9.593328] cloud-init[975]: ci-info: ++++++++++++++++++++++++++++++++++++++Net device info+++++++++++++++++++++++++++++++++++++++
[    9.597716] cloud-init[975]: ci-info: +--------+-------+----------------------------+---------------+--------+-------------------+
[    9.604952] cloud-init[975]: ci-info: | Device |   Up  |          Address           |      Mask     | Scope  |     Hw-Address    |
[    9.608826] cloud-init[975]: ci-info: +--------+-------+----------------------------+---------------+--------+-------------------+
[    9.620614] cloud-init[975]: ci-info: | enp0s3 |  True |         10.0.2.15          | 255.255.255.0 | global | 02:dd:45:a7:5d:a0 |
[    9.624244] cloud-init[975]: ci-info: | enp0s3 |  True | fe80::dd:45ff:fea7:5da0/64 |       .       |  link  | 02:dd:45:a7:5d:a0 |
[    9.632699] cloud-init[975]: ci-info: | enp0s8 | False |             .              |       .       |   .    | 08:00:27:e7:9c:db |
[    9.636582] cloud-init[975]: ci-info: |   lo   |  True |         127.0.0.1          |   255.0.0.0   |  host  |         .         |
[    9.639871] cloud-init[975]: ci-info: |   lo   |  True |          ::1/128           |       .       |  host  |         .         |
[    9.643445] cloud-init[975]: ci-info: +--------+-------+----------------------------+---------------+--------+-------------------+
[    9.648774] cloud-init[975]: ci-info: +++++++++++++++++++++++++++Route IPv4 info++++++++++++++++++++++++++++
[    9.652727] cloud-init[975]: ci-info: +-------+-------------+----------+---------------+-----------+-------+
[    9.664448] cloud-init[975]: ci-info: | Route | Destination | Gateway  |    Genmask    | Interface | Flags |
[    9.668738] cloud-init[975]: ci-info: +-------+-------------+----------+---------------+-----------+-------+
[    9.680907] cloud-init[975]: ci-info: |   0   |   0.0.0.0   | 10.0.2.2 |    0.0.0.0    |   enp0s3  |   UG  |
[    9.683603] cloud-init[975]: ci-info: |   1   |   10.0.2.0  | 0.0.0.0  | 255.255.255.0 |   enp0s3  |   U   |
[    9.688945] cloud-init[975]: ci-info: +-------+-------------+----------+---------------+-----------+-------+
[    9.689116] cloud-init[975]: ci-info: +++++++++++++++++++Route IPv6 info+++++++++++++++++++
[    9.689529] cloud-init[975]: ci-info: +-------+-------------+---------+-----------+-------+
[    9.689955] cloud-init[975]: ci-info: | Route | Destination | Gateway | Interface | Flags |
[    9.690339] cloud-init[975]: ci-info: +-------+-------------+---------+-----------+-------+
[    9.690627] cloud-init[975]: ci-info: |   0   |  fe80::/64  |    ::   |   enp0s3  |   U   |
[    9.691475] cloud-init[975]: ci-info: |   3   |   ff00::/8  |    ::   |   enp0s3  |   U   |
[    9.693499] cloud-init[975]: ci-info: +-------+-------------+---------+-----------+-------+
[    9.694469] cloud-init[975]: Generating public/private rsa key pair.
[    9.695735] cloud-init[975]: Your identification has been saved in /etc/ssh/ssh_host_rsa_key.
[    9.697645] cloud-init[975]: Your public key has been saved in /etc/ssh/ssh_host_rsa_key.pub.
[    9.698697] cloud-init[975]: The key fingerprint is:
[    9.699620] cloud-init[975]: SHA256:k+FKthZ8kU6ZAjtD4i2te7xemexqqU0chYjl1eqePRI root@ubuntu-xenial
[    9.701434] cloud-init[975]: The key's randomart image is:
[    9.702130] cloud-init[975]: +---[RSA 2048]----+
[    9.703471] cloud-init[975]: |  o +.           |
[    9.705404] cloud-init[975]: | = B +.  +       |
[    9.706142] cloud-init[975]: |. = B.o B        |
[    9.707410] cloud-init[975]: |   o.= = +       |
[    9.707882] cloud-init[975]: |  ... = S        |
[    9.709082] cloud-init[975]: |   +E= B .       |
[[0;32m  OK  [0m] Started Initial cloud-init job (metadata service crawler).
[    9.709684] cloud-init[975]: |  ..==O          |
[    9.722627] cloud-init[975]: |   +*=o          |
[    9.722997] cloud-init[975]: |  .+=o..         |
[    9.724109] cloud-init[975]: +----[SHA256]-----+
[    9.725604] cloud-init[975]: Generating public/private dsa key pair.
[    9.726193] cloud-init[975]: Your identification has been saved in /etc/ssh/ssh_host_dsa_key.
[    9.727243] cloud-init[975]: Your public key has been saved in /etc/ssh/ssh_host_dsa_key.pub.
[    9.728304] cloud-init[975]: The key fingerprint is:
[    9.728614] cloud-init[975]: SHA256:ojVaj/6ZucMyq5KWxuASHV5qxYXOp7YQlKzV9prH/I4 root@ubuntu-xenial
[    9.729828] cloud-init[975]: The key's randomart image is:
[    9.731219] cloud-init[975]: +---[DSA 1024]----+
[    9.731730] cloud-init[975]: | . o .           |
[    9.732962] cloud-init[975]: |  = + .          |
[    9.734150] cloud-init[975]: | + = o           |
[    9.734407] cloud-init[975]: |. o * o          |
[    9.735376] cloud-init[975]: | o * B= S        |
[    9.737137] cloud-init[975]: |o * ==+=         |
[    9.738511] cloud-init[975]: |.= =oo.o.        |
[    9.739538] cloud-init[975]: |..B ..o.++       |
[    9.740906] cloud-init[975]: |.o ...E*Bo       |
[    9.742058] cloud-init[975]: +----[SHA256]-----+
[    9.742749] cloud-init[975]: Generating public/private ecdsa key pair.
[    9.742801] cloud-init[975]: Your identification has been saved in /etc/ssh/ssh_host_ecdsa_key.
[    9.744999] cloud-init[975]: Your public key has been saved in /etc/ssh/ssh_host_ecdsa_key.pub.
[    9.746412] cloud-init[975]: The key fingerprint is:
[    9.747784] cloud-init[975]: SHA256:yJkICt14bG2UIg3SeJTOfbBE5CiGVzQRoIp1o7YZRZA root@ubuntu-xenial
[    9.748806] cloud-init[975]: The key's randomart image is:
[[0;32m  OK  [0m] Reached target Cloud-config availability.
[[0;32m  OK  [0m] Reached target Network is Online.
[    9.749358] cloud-init[975]: +---[ECDSA 256]---+
[    9.763208] cloud-init[975]: |.+=@Xo..         |
[    9.772931] cloud-init[975]: |o+EO=+.          |
         Starting iSCSI initiator daemon (iscsid)...
[[0;32m  OK  [0m] Reached target System Initialization.
[[0;32m  OK  [0m] Listening on UUID daemon activation socket.
         Starting Socket activation for snappy daemon.
[[0;32m  OK  [0m] Listening on ACPID Listen Socket.
[[0;32m  OK  [0m] Started Daily Cleanup of Temporary Directories.
[    9.780775] cloud-init[975]: |==B+X+o          |
[[0;32m  OK  [0m[    9.789148] cloud-init[975]: |==oBo=.+         |
[    9.790177] cloud-init[975]: |+ + ..= S        |
[    9.790592] cloud-init[975]: | . +             |
[    9.791506] cloud-init[975]: |  o              |
[    9.794189] cloud-init[975]: |                 |
[    9.794918] cloud-init[975]: |                 |
[    9.795730] cloud-init[975]: +----[SHA256]-----+
[    9.796545] cloud-init[975]: Generating public/private ed25519 key pair.
[    9.797253] cloud-init[975]: Your identification has been saved in /etc/ssh/ssh_host_ed25519_key.
[    9.797840] cloud-init[975]: Your public key has been saved in /etc/ssh/ssh_host_ed25519_key.pub.
[    9.798421] cloud-init[975]: The key fingerprint is:
[    9.799046] cloud-init[975]: SHA256:SuFysiVKIvqbJJMxsUKsGxZ/FUULxqguderLo+KN2sA root@ubuntu-xenial
[    9.799625] cloud-init[975]: The key's randomart image is:
[    9.800949] cloud-init[975]: +--[ED25519 256]--+
[    9.801781] cloud-init[975]: |      o+oo       |
[    9.802578] cloud-init[975]: |.    ...o .      |
[    9.803943] cloud-init[975]: |.+  . .. .       |
[    9.804633] cloud-init[975]: |oooo o..         |
[    9.805197] cloud-init[975]: |X.+.*.= S        |
[    9.805773] cloud-init[975]: |*X +.O .         |
[    9.806200] cloud-init[975]: |BE= . .          |
[    9.806754] cloud-init[975]: |.B++             |
] Started ACPI Events Check.
[    9.807910] cloud-init[975]: |=+*=o            |
[    9.810745] cloud-init[975]: +----[SHA256]-----+
[[0;32m  OK  [0m] Reached target Paths.
[[0;32m  OK  [0m] Started Daily apt download activities.
[[0;32m  OK  [0m] Started Daily apt upgrade and clean activities.
[[0;32m  OK  [0m] Listening on D-Bus System Message Bus Socket.
         Starting LXD - unix socket.
[[0;32m  OK  [0m] Started Message of the Day.
[[0;32m  OK  [0m] Reached target Timers.
[[0;32m  OK  [0m] Listening on Socket activation for snappy daemon.
[[0;32m  OK  [0m] Listening on LXD - unix socket.
[[0;32m  OK  [0m] Reached target Sockets.
[[0;32m  OK  [0m] Reached target Basic System.
         Starting Accounts Service...
         Starting LSB: Record successful boot for GRUB...
[[0;32m  OK  [0m] Started Deferred execution scheduler.
[[0;32m  OK  [0m] Started Regular background program processing daemon.
         Starting Pollinate to seed the pseudo random number generator...
[[0;32m  OK  [0m] Started FUSE filesystem for LXC.
         Starting LXD - container startup/shutdown...
[[0;32m  OK  [0m] Started D-Bus System Message Bus.
         Starting Virtualbox guest utils...
         Starting Login Service...
         Starting /etc/rc.local Compatibility...
         Starting Snappy daemon...
         Starting LSB: MD monitoring daemon...
[[0;32m  OK  [0m] Started ACPI event daemon.
         Starting System Logging Service...
[[0;32m  OK  [0m] Started iSCSI initiator daemon (iscsid).
[[0;32m  OK  [0m] Started /etc/rc.local Compatibility.
         Starting Authenticate and Authorize Users to Run Privileged Tasks...
         Starting Login to default iSCSI targets...
[[0;32m  OK  [0m] Started Login Service.
[[0;32m  OK  [0m] Started Unattended Upgrades Shutdown.
[[0;32m  OK  [0m] Started System Logging Service.
[[0;32m  OK  [0m] Started Authenticate and Authorize Users to Run Privileged Tasks.
[[0;32m  OK  [0m] Started Login to default iSCSI targets.
[[0;32m  OK  [0m] Reached target Remote File Systems (Pre).
[[0;32m  OK  [0m] Reached target Remote File Systems.
         Starting LSB: automatic crash report generation...
         Starting Permit User Sessions...
         Starting LSB: daemon to balance interrupts for SMP systems...
         Starting LSB: Set the CPU Frequency Scaling governor to "ondemand"...
[[0;32m  OK  [0m] Started LSB: Record successful boot for GRUB.
[[0;32m  OK  [0m] Started LSB: MD monitoring daemon.
[[0;32m  OK  [0m] Started Permit User Sessions.
[[0;32m  OK  [0m] Started Accounts Service.
         Starting Terminate Plymouth Boot Screen...
         Starting Hold until boot process finishes up...
[[0;32m  OK  [0m] Started Hold until boot process finishes up.
[[0;32m  OK  [0m] Started Terminate Plymouth Boot Screen.
[[0;32m  OK  [0m] Started Getty on tty1.
         Starting Set console scheme...
[[0;32m  OK  [0m] Started Serial Getty on ttyS0.
[[0;32m  OK  [0m] Reached target Login Prompts.
[[0;32m  OK  [0m] Started LXD - container startup/shutdown.
[[0;32m  OK  [0m] Started LSB: automatic crash report generation.
[[0;32m  OK  [0m] Started Set console scheme.
[[0;32m  OK  [0m] Started LSB: Set the CPU Frequency Scaling governor to "ondemand".
[[0;32m  OK  [0m] Started LSB: daemon to balance interrupts for SMP systems.
[[0;32m  OK  [0m] Started Virtualbox guest utils.
[[0;32m  OK  [0m] Started Pollinate to seed the pseudo random number generator.
         Starting OpenBSD Secure Shell server...
[[0;32m  OK  [0m] Started OpenBSD Secure Shell server.
[[0;32m  OK  [0m] Started Snappy daemon.
         Starting Wait until snapd is fully seeded...
[[0;32m  OK  [0m] Started Wait until snapd is fully seeded.
         Starting Apply the settings specified in cloud-config...
[[0;32m  OK  [0m] Reached target Multi-User System.
[[0;32m  OK  [0m] Reached target Graphical Interface.
         Starting Update UTMP about System Runlevel Changes...
[[0;32m  OK  [0m] Started Update UTMP about System Runlevel Changes.
[   11.633822] cloud-init[1336]: Generating locales (this might take a while)...
[[0;32m  OK  [0m] Created slice User Slice of vagrant.
         Starting User Manager for UID 1000...
[[0;32m  OK  [0m] Started Session 1 of user vagrant.
[[0;32m  OK  [0m] Started User Manager for UID 1000.
[   12.902616] cloud-init[1336]:   en_US.UTF-8... done
[   12.905193] cloud-init[1336]: Generation complete.
[   13.430672] cloud-init[1336]: Cloud-init v. 19.2-36-g059d049c-0ubuntu2~16.04.1 running 'modules:config' at Thu, 19 Dec 2019 16:01:33 +0000. Up 11.48 seconds.
[[0;32m  OK  [0m] Started Apply the settings specified in cloud-config.
         Starting Execute cloud user/final scripts...
ci-info: no authorized ssh keys fingerprints found for user ubuntu.
<14>Dec 19 16:01:36 ec2: 
<14>Dec 19 16:01:36 ec2: #############################################################
<14>Dec 19 16:01:36 ec2: -----BEGIN SSH HOST KEY FINGERPRINTS-----
<14>Dec 19 16:01:36 ec2: 1024 SHA256:ojVaj/6ZucMyq5KWxuASHV5qxYXOp7YQlKzV9prH/I4 root@ubuntu-xenial (DSA)
<14>Dec 19 16:01:36 ec2: 256 SHA256:yJkICt14bG2UIg3SeJTOfbBE5CiGVzQRoIp1o7YZRZA root@ubuntu-xenial (ECDSA)
<14>Dec 19 16:01:36 ec2: 256 SHA256:SuFysiVKIvqbJJMxsUKsGxZ/FUULxqguderLo+KN2sA root@ubuntu-xenial (ED25519)
<14>Dec 19 16:01:36 ec2: 2048 SHA256:k+FKthZ8kU6ZAjtD4i2te7xemexqqU0chYjl1eqePRI root@ubuntu-xenial (RSA)
<14>Dec 19 16:01:36 ec2: -----END SSH HOST KEY FINGERPRINTS-----
<14>Dec 19 16:01:36 ec2: #############################################################
-----BEGIN SSH HOST KEY KEYS-----
ecdsa-sha2-nistp256 AAAAE2VjZHNhLXNoYTItbmlzdHAyNTYAAAAIbmlzdHAyNTYAAABBBBuWtZdtOVEgCjqwE50EAqw3yAVcsM3hqPt7GgVlrpOs6f4rDSzVyxlDjWTWXuo7EaRxNgfQUHhFZlyTtZlVCrw= root@ubuntu-xenial
ssh-ed25519 AAAAC3NzaC1lZDI1NTE5AAAAIAh3erexMJpxvyU3iH1rDgqhQg3QLqPyZHpFYdLtX5wc root@ubuntu-xenial
ssh-rsa AAAAB3NzaC1yc2EAAAADAQABAAABAQDOi3cKW1Ae5iMtplc1cm5J3nCzg6E6/JeHKORW17sY76ScHFfyNQZ1d/QZjiNj/s71doDi0bO6enF23/XzdTm+oi0G2vSRptbTcO/p9LbADPaZu1jHf+G1MN/YiId2+hCNJKSPnw0tPczANC5sL9AuJ6FVLVDCmjOlL/uRkHWxHrVGSPeakul2hV1YpC3p+PqdQE5UaLzqt3M0eR3ylB67+wEgdY3+RmFlZut907tqrZ73zUuH7AIYM0UcUxbnf131Wx6yo0a6vfcj39aU7daSYuN26ZnhOOeohRU6wSAaUc9DstQ3ZbhDeOafLMiozdapEAfMOs6C8H4PjaeefYab root@ubuntu-xenial
-----END SSH HOST KEY KEYS-----
[   14.191590] cloud-init[1451]: Cloud-init v. 19.2-36-g059d049c-0ubuntu2~16.04.1 running 'modules:final' at Thu, 19 Dec 2019 16:01:36 +0000. Up 13.95 seconds.
[   14.216097] cloud-init[1451]: ci-info: no authorized ssh keys fingerprints found for user ubuntu.
[   14.230676] cloud-init[1451]: Cloud-init v. 19.2-36-g059d049c-0ubuntu2~16.04.1 finished at Thu, 19 Dec 2019 16:01:36 +0000. Datasource DataSourceNoCloud [seed=/dev/sdb][dsmode=net].  Up 14.16 seconds
[[0;32m  OK  [0m] Started Execute cloud user/final scripts.
[[0;32m  OK  [0m] Reached target Cloud-init target.

Ubuntu 16.04.6 LTS ubuntu-xenial ttyS0

ubuntu-xenial login: 